 152  487 5022 shell.py
